2024-11-23 19:01:37 - INFO - Archivo de log: ./logs/execution_log_20241123_190137.log
2024-11-23 19:01:37 - INFO - Inicio del proceso de carga
2024-11-23 19:01:37 - INFO - Tablas encontradas: ['production.product', 'production.productcategory', 'production.productcosthistory', 'production.productdescription', 'production.productsubcategory', 'production.transactionhistory', 'production.transactionhistoryarchive']
2024-11-23 19:01:37 - INFO - Iniciando carga a la zona temporal...
2024-11-23 19:01:37 - INFO - Conexión a la base de datos establecida.
2024-11-23 19:01:37 - INFO - Consultando datos de la tabla production.product...
2024-11-23 19:01:37 - INFO - Archivo temporal creado: temp/production.product_20241123.parquet
2024-11-23 19:01:38 - INFO - Archivo subido a GCS: production.product/production.product_20241123.parquet
2024-11-23 19:01:38 - INFO - Archivo temporal eliminado: temp/production.product_20241123.parquet
2024-11-23 19:01:38 - INFO - Consultando datos de la tabla production.productcategory...
2024-11-23 19:01:38 - INFO - Archivo temporal creado: temp/production.productcategory_20241123.parquet
2024-11-23 19:01:39 - INFO - Archivo subido a GCS: production.productcategory/production.productcategory_20241123.parquet
2024-11-23 19:01:39 - INFO - Archivo temporal eliminado: temp/production.productcategory_20241123.parquet
2024-11-23 19:01:39 - INFO - Consultando datos de la tabla production.productcosthistory...
2024-11-23 19:01:39 - INFO - Archivo temporal creado: temp/production.productcosthistory_20241123.parquet
2024-11-23 19:01:39 - INFO - Archivo subido a GCS: production.productcosthistory/production.productcosthistory_20241123.parquet
2024-11-23 19:01:39 - INFO - Archivo temporal eliminado: temp/production.productcosthistory_20241123.parquet
2024-11-23 19:01:39 - INFO - Consultando datos de la tabla production.productdescription...
2024-11-23 19:01:39 - INFO - Archivo temporal creado: temp/production.productdescription_20241123.parquet
2024-11-23 19:01:40 - INFO - Archivo subido a GCS: production.productdescription/production.productdescription_20241123.parquet
2024-11-23 19:01:40 - INFO - Archivo temporal eliminado: temp/production.productdescription_20241123.parquet
2024-11-23 19:01:40 - INFO - Consultando datos de la tabla production.productsubcategory...
2024-11-23 19:01:40 - INFO - Archivo temporal creado: temp/production.productsubcategory_20241123.parquet
2024-11-23 19:01:41 - INFO - Archivo subido a GCS: production.productsubcategory/production.productsubcategory_20241123.parquet
2024-11-23 19:01:41 - INFO - Archivo temporal eliminado: temp/production.productsubcategory_20241123.parquet
2024-11-23 19:01:41 - INFO - Consultando datos de la tabla production.transactionhistory...
2024-11-23 19:01:41 - INFO - Archivo temporal creado: temp/production.transactionhistory_20241123.parquet
2024-11-23 19:01:42 - INFO - Archivo subido a GCS: production.transactionhistory/production.transactionhistory_20241123.parquet
2024-11-23 19:01:42 - INFO - Archivo temporal eliminado: temp/production.transactionhistory_20241123.parquet
2024-11-23 19:01:42 - INFO - Consultando datos de la tabla production.transactionhistoryarchive...
2024-11-23 19:01:43 - INFO - Archivo temporal creado: temp/production.transactionhistoryarchive_20241123.parquet
2024-11-23 19:01:44 - INFO - Archivo subido a GCS: production.transactionhistoryarchive/production.transactionhistoryarchive_20241123.parquet
2024-11-23 19:01:44 - INFO - Archivo temporal eliminado: temp/production.transactionhistoryarchive_20241123.parquet
2024-11-23 19:01:44 - INFO - Fin del proceso de carga
