2024-11-17 13:42:51 - INFO - Archivo de log: ./logs/execution_log_20241117_134251.log
2024-11-17 13:42:51 - INFO - Inicio del proceso de carga
2024-11-17 13:42:51 - INFO - Tablas encontradas: ['production.product', 'production.productcategory', 'production.productcosthistory', 'production.productdescription', 'production.productsubcategory', 'production.transactionhistory', 'production.transactionhistoryarchive']
2024-11-17 13:42:51 - INFO - Iniciando carga a la zona temporal...
2024-11-17 13:42:51 - INFO - Conexión a la base de datos establecida.
2024-11-17 13:42:51 - INFO - Consultando datos de la tabla production.product...
2024-11-17 13:42:51 - INFO - Archivo temporal creado: temp/production.product_20241117.parquet
2024-11-17 13:42:52 - INFO - Archivo subido a GCS: temp/production.product/production.product_20241117.parquet
2024-11-17 13:42:52 - INFO - Archivo temporal eliminado: temp/production.product_20241117.parquet
2024-11-17 13:42:52 - INFO - Consultando datos de la tabla production.productcategory...
2024-11-17 13:42:52 - INFO - Archivo temporal creado: temp/production.productcategory_20241117.parquet
2024-11-17 13:42:53 - INFO - Archivo subido a GCS: temp/production.productcategory/production.productcategory_20241117.parquet
2024-11-17 13:42:53 - INFO - Archivo temporal eliminado: temp/production.productcategory_20241117.parquet
2024-11-17 13:42:53 - INFO - Consultando datos de la tabla production.productcosthistory...
2024-11-17 13:42:53 - INFO - Archivo temporal creado: temp/production.productcosthistory_20241117.parquet
2024-11-17 13:42:54 - INFO - Archivo subido a GCS: temp/production.productcosthistory/production.productcosthistory_20241117.parquet
2024-11-17 13:42:54 - INFO - Archivo temporal eliminado: temp/production.productcosthistory_20241117.parquet
2024-11-17 13:42:54 - INFO - Consultando datos de la tabla production.productdescription...
2024-11-17 13:42:54 - INFO - Archivo temporal creado: temp/production.productdescription_20241117.parquet
2024-11-17 13:42:55 - INFO - Archivo subido a GCS: temp/production.productdescription/production.productdescription_20241117.parquet
2024-11-17 13:42:55 - INFO - Archivo temporal eliminado: temp/production.productdescription_20241117.parquet
2024-11-17 13:42:55 - INFO - Consultando datos de la tabla production.productsubcategory...
2024-11-17 13:42:55 - INFO - Archivo temporal creado: temp/production.productsubcategory_20241117.parquet
2024-11-17 13:42:55 - INFO - Archivo subido a GCS: temp/production.productsubcategory/production.productsubcategory_20241117.parquet
2024-11-17 13:42:55 - INFO - Archivo temporal eliminado: temp/production.productsubcategory_20241117.parquet
2024-11-17 13:42:55 - INFO - Consultando datos de la tabla production.transactionhistory...
2024-11-17 13:42:56 - INFO - Archivo temporal creado: temp/production.transactionhistory_20241117.parquet
2024-11-17 13:42:57 - INFO - Archivo subido a GCS: temp/production.transactionhistory/production.transactionhistory_20241117.parquet
2024-11-17 13:42:57 - INFO - Archivo temporal eliminado: temp/production.transactionhistory_20241117.parquet
2024-11-17 13:42:57 - INFO - Consultando datos de la tabla production.transactionhistoryarchive...
2024-11-17 13:42:58 - INFO - Archivo temporal creado: temp/production.transactionhistoryarchive_20241117.parquet
2024-11-17 13:42:59 - INFO - Archivo subido a GCS: temp/production.transactionhistoryarchive/production.transactionhistoryarchive_20241117.parquet
2024-11-17 13:42:59 - INFO - Archivo temporal eliminado: temp/production.transactionhistoryarchive_20241117.parquet
2024-11-17 13:42:59 - INFO - Fin del proceso de carga
